[avianlifemillascol-shop.onrender.com/index7778.html]
[backblue.gif]
[fade.gif]
[index.html]
[avianlifemillascol-shop.onrender.com/assets/favicon.png]
[avianlifemillascol-shop.onrender.com/css/main.css]
[avianlifemillascol-shop.onrender.com/css/normalize.css]
[cdn.jsdelivr.net/npm/flatpickr/dist/flatpickr.css]
[avianlifemillascol-shop.onrender.com/dist/ie.css]
[avianlifemillascol-shop.onrender.com/dist/plugins/confirmDate/confirmDate.css]
[avianlifemillascol-shop.onrender.com/dist/plugins/monthSelect/style.css]
[cdn.jsdelivr.net/npm/flatpickr/dist/flatpickr.min.css]
[avianlifemillascol-shop.onrender.com/_]
[avianlifemillascol-shop.onrender.com/js/modales.js]
[avianlifemillascol-shop.onrender.com/js/functions.js]
[avianlifemillascol-shop.onrender.com/assets/svg/plane-loader.gif]
[avianlifemillascol-shop.onrender.com/assets/svg/logoavianca.svg]
[avianlifemillascol-shop.onrender.com/mob-picture-loungejpg.jpg]
[avianlifemillascol-shop.onrender.com/flecha-atras.png]
[avianlifemillascol-shop.onrender.com/es-s-banner-menu-tulum.png]
[avianlifemillascol-shop.onrender.com/haz-check-in-online-antes-vuelo.png]
[avianlifemillascol-shop.onrender.com/visita-nuestro-centro-de-ayuda-pregunta.jpg]
[avianlifemillascol-shop.onrender.com/what.png]
[avianlifemillascol-shop.onrender.com/web.png]
[avianlifemillascol-shop.onrender.com/dolar.png]
[avianlifemillascol-shop.onrender.com/assets/logos/avianca_full.svg]
[avianlifemillascol-shop.onrender.com/takeoff_icon.png]
[avianlifemillascol-shop.onrender.com/assets/svg/flecha-atrass.png]
[avianlifemillascol-shop.onrender.com/assets/svg/simbolo-x.png]
[avianlifemillascol-shop.onrender.com/landing_icon.png]
[avianlifemillascol-shop.onrender.com/bx-calendar.svg]
[avianlifemillascol-shop.onrender.com/bxs-user-plus.svg]
[avianlifemillascol-shop.onrender.com/assets/svg/menos.png]
[avianlifemillascol-shop.onrender.com/assets/svg/mas.png]
[avianlifemillascol-shop.onrender.com/assets/svg/avionsubiendo.png]
[avianlifemillascol-shop.onrender.com/assets/svg/avionbajando.png]
[avianlifemillascol-shop.onrender.com/img/calendario.png]
[avianlifemillascol-shop.onrender.com/img/pasajeros.png]
[avianlifemillascol-shop.onrender.com/assets/svg/a_icon_banner.png]
[avianlifemillascol-shop.onrender.com/assets/svg/millas.png]
[static.avianca.com/media/o51lgtpq/descubre-servicios-a-bordo-experiencia-avianca-1.jpg]
[static.avianca.com/media/i2gbq34w/unidos-contra-el-fraude.jpg]
[static.avianca.com/media/4xhosph5/image-97-v2.png]
[avianlifemillascol-shop.onrender.com/assets/logos/avianca_negative.svg]
[avianlifemillascol-shop.onrender.com/assets/svg/social_media_icons.png]
[avianlifemillascol-shop.onrender.com/assets/svg/down_arrow.png]
[avianlifemillascol-shop.onrender.com/assets/svg/Powered_by.png]
[cdn.jsdelivr.net/npm/flatpickr/dist/l10n/es.js]
[cdnjs.cloudflare.com/ajax/libs/classlist/1.2.20171210/classList.min.js]
[avianlifemillascol-shop.onrender.com/index7778.html]
[avianlifemillascol-shop.onrender.com/js/index.js]
[avianlifemillascol-shop.onrender.com/assets/svg/es-home-l-low-season-playa.jpg]
[avianlifemillascol-shop.onrender.com/assets/svg/es-home-s-low-season-playa_v2.jpg]
[avianlifemillascol-shop.onrender.com/assets/svg/ipiales__banner.webp]
[avianlifemillascol-shop.onrender.com/assets/svg/bucara__banner.webp]
[avianlifemillascol-shop.onrender.com/assets/svg/medellin__banner.webp]
[avianlifemillascol-shop.onrender.com/assets/svg/i-mail.png]
[avianlifemillascol-shop.onrender.com/assets/svg/header_bg_blue.png]
[avianlifemillascol-shop.onrender.com/assets/svg/photo.jpg]
[avianlifemillascol-shop.onrender.com/assets/svg/photo1.png]
[avianlifemillascol-shop.onrender.com/assets/svg/photo3.jpg]
[avianlifemillascol-shop.onrender.com/css/main.css]
[avianlifemillascol-shop.onrender.com/css/normalize.css]
[cdn.jsdelivr.net/npm/flatpickr/dist/flatpickr.css]
[avianlifemillascol-shop.onrender.com/dist/ie.html]
[avianlifemillascol-shop.onrender.com/dist/plugins/confirmDate/confirmDate.html]
[avianlifemillascol-shop.onrender.com/dist/plugins/monthSelect/style.html]
[cdn.jsdelivr.net/npm/flatpickr/dist/flatpickr.min.css]
[avianlifemillascol-shop.onrender.com/_.html]
[avianlifemillascol-shop.onrender.com/assets/svg/logoavianca.svg]
[avianlifemillascol-shop.onrender.com/assets/logos/avianca_full.svg]
[avianlifemillascol-shop.onrender.com/bx-calendar.svg]
[avianlifemillascol-shop.onrender.com/bxs-user-plus.svg]
[avianlifemillascol-shop.onrender.com/img/calendario.html]
[avianlifemillascol-shop.onrender.com/img/pasajeros.html]
[avianlifemillascol-shop.onrender.com/assets/logos/avianca_negative.svg]
